/home/ulloaroach2/design/test_adc/snapshot_roach2/XPS_ROACH2_base/implementation/system.ngc 1567437906
/home/ulloaroach2/design/test_adc/snapshot_roach2/XPS_ROACH2_base/implementation/system_epb_opb_bridge_inst_wrapper.ngc 1567437805
/home/ulloaroach2/design/test_adc/snapshot_roach2/XPS_ROACH2_base/implementation/system_snapshot_roach2_asiaa_adc5g_wrapper.ngc 1567437886
/home/ulloaroach2/design/test_adc/snapshot_roach2/XPS_ROACH2_base/implementation/system_infrastructure_inst_wrapper.ngc 1567437780
/home/ulloaroach2/design/test_adc/snapshot_roach2/XPS_ROACH2_base/implementation/system_opb_adc5g_controller_0_wrapper.ngc 1567437771
/home/ulloaroach2/design/test_adc/snapshot_roach2/XPS_ROACH2_base/implementation/system_epb_infrastructure_inst_wrapper.ngc 1567437814
/home/ulloaroach2/design/test_adc/snapshot_roach2/XPS_ROACH2_base/implementation/system_opb0_wrapper.ngc 1567437797
/home/ulloaroach2/design/test_adc/snapshot_roach2/XPS_ROACH2_base/implementation/system_snapshot_roach2_xsg_core_config_wrapper.ngc 1567437881
/home/ulloaroach2/design/test_adc/snapshot_roach2/XPS_ROACH2_base/implementation/system_sys_block_inst_wrapper.ngc 1567437822
/home/ulloaroach2/design/test_adc/snapshot_roach2/XPS_ROACH2_base/implementation/system_snapshot_roach2_snapshot_bram_ramblk_wrapper.ngc 1567437891
/home/ulloaroach2/design/test_adc/snapshot_roach2/XPS_ROACH2_base/implementation/system_snapshot_roach2_snapshot_ctrl_wrapper.ngc 1567437867
/home/ulloaroach2/design/test_adc/snapshot_roach2/XPS_ROACH2_base/implementation/system_snapshot_roach2_snapshot_status_wrapper.ngc 1567437876
/home/ulloaroach2/design/test_adc/snapshot_roach2/XPS_ROACH2_base/implementation/system_reset_block_inst_wrapper.ngc 1567437788
/home/ulloaroach2/design/test_adc/snapshot_roach2/XPS_ROACH2_base/implementation/system_snapshot_roach2_snapshot_bram_wrapper.ngc 1567437859
OK
